// Jest Snapshot v1, https://goo.gl/fbAQLP

exports[`MyComponent should render correctly in "debug" mode 1`] = `
<div
  className="show-on-scroll col-md-7 page-1 text-left section education undefined"
>
  <div
    className="section-title grey4 h2 bold"
  >
    Education
  </div>
  <div
    className="subsection"
  >
    <div
      className="subsection-wrappers"
      key="0"
    >
      <div
        className="subsection-title uppercase body-text grey3 letterspacing-1 mt-2"
      >
        Bachelors in Computer Science & Engineering
      </div>
      <div
        className="subsection-data"
      >
        <span
          className="h3 grey1 bold"
        >
          MIT Academy of Engineering
        </span>
        <span
          className="h3 grey3 light"
        >
          , 
          Alandi
        </span>
        <div
          className="education-bars"
        >
          <BarGraph
            value="64"
          />
        </div>
      </div>
    </div>
    <div
      className="subsection-wrappers"
      key="1"
    >
      <div
        className="subsection-title uppercase body-text grey3 letterspacing-1 mt-2"
      >
        higher secondary
      </div>
      <div
        className="subsection-data"
      >
        <span
          className="h3 grey1 bold"
        >
          Army Public School
        </span>
        <span
          className="h3 grey3 light"
        >
          , 
          Kirkee
        </span>
        <div
          className="education-bars"
        >
          <BarGraph
            value="77"
          />
        </div>
      </div>
    </div>
  </div>
</div>
`;
